../Core/Src/main.c:163:5:main	8	static
../Core/Src/main.c:263:6:SystemClock_Config	88	static
../Core/Src/main.c:318:13:MX_SPI2_Init	8	static
../Core/Src/main.c:356:13:MX_TIM2_Init	48	static
../Core/Src/main.c:405:13:MX_TIM3_Init	32	static
../Core/Src/main.c:453:13:MX_USART1_UART_Init	8	static
../Core/Src/main.c:492:13:MX_USART3_UART_Init	8	static
../Core/Src/main.c:525:13:MX_DMA_Init	16	static
../Core/Src/main.c:547:13:MX_GPIO_Init	48	static
../Core/Src/main.c:581:7:map	40	static
../Core/Src/main.c:587:6:HAL_UART_RxCpltCallback	16	static
../Core/Src/main.c:611:6:StartTMTC	136	static
../Core/Src/main.c:648:6:StartMAG	40	static
../Core/Src/main.c:683:6:StartRC	96	static
../Core/Src/main.c:724:6:StartECU	144	static
../Core/Src/main.c:755:6:HAL_TIM_PeriodElapsedCallback	16	static
../Core/Src/main.c:775:6:Error_Handler	4	static,ignoring_inline_asm
