../Core/Src/main.c:189:5:main	8	static
../Core/Src/main.c:297:6:SystemClock_Config	88	static
../Core/Src/main.c:344:13:MX_I2C1_Init	8	static
../Core/Src/main.c:392:13:MX_TIM1_Init	120	static
../Core/Src/main.c:474:13:MX_TIM2_Init	40	static
../Core/Src/main.c:521:13:MX_USART1_UART_Init	8	static
../Core/Src/main.c:569:13:MX_USART2_UART_Init	8	static
../Core/Src/main.c:617:13:MX_GPIO_Init	40	static
../Core/Src/main.c:653:6:StartCommander	16	static
../Core/Src/main.c:671:6:StartController	16	static
../Core/Src/main.c:689:6:StartSensorCollector	88	static
../Core/Src/main.c:719:6:StartOutput	16	static
../Core/Src/main.c:739:6:StartMessageManager	16	static
../Core/Src/main.c:758:6:HAL_TIM_PeriodElapsedCallback	16	static
../Core/Src/main.c:775:6:Error_Handler	4	static,ignoring_inline_asm
