../Core/Src/main.c:186:5:main	8	static
../Core/Src/main.c:293:6:SystemClock_Config	88	static
../Core/Src/main.c:340:13:MX_TIM1_Init	120	static
../Core/Src/main.c:422:13:MX_TIM2_Init	40	static
../Core/Src/main.c:469:13:MX_USART1_UART_Init	8	static
../Core/Src/main.c:517:13:MX_USART2_UART_Init	8	static
../Core/Src/main.c:565:13:MX_GPIO_Init	40	static
../Core/Src/main.c:601:6:StartCommander	16	static
../Core/Src/main.c:619:6:StartController	16	static
../Core/Src/main.c:637:6:StartSensorCollector	72	static
../Core/Src/main.c:667:6:StartOutput	16	static
../Core/Src/main.c:687:6:StartMessageManager	16	static
../Core/Src/main.c:706:6:HAL_TIM_PeriodElapsedCallback	16	static
../Core/Src/main.c:723:6:Error_Handler	4	static,ignoring_inline_asm
